device=Apple M5, shape=[100, 100, 864, 864], dtype=uint8 resident_bytes=453296476
PASS rectangle rows=0..<1 columns=0..<1 samples=1 repeat=0 gpu_ms=72.16199999675155 wall_ms=75.8589506149292
PASS rectangle rows=0..<1 columns=0..<1 samples=1 repeat=1 gpu_ms=53.94370836438611 wall_ms=55.31001091003418
PASS rectangle rows=1..<3 columns=2..<7 samples=10 repeat=0 gpu_ms=55.99700001766905 wall_ms=57.501912117004395
PASS rectangle rows=1..<3 columns=2..<7 samples=10 repeat=1 gpu_ms=56.851083354558796 wall_ms=58.23206901550293
PASS circle rows=2..<8 columns=2..<8 samples=32 repeat=0 gpu_ms=130.9203749988228 wall_ms=132.2239637374878
PASS circle rows=2..<8 columns=2..<8 samples=32 repeat=1 gpu_ms=126.25466665485874 wall_ms=127.48801708221436
PASS circle rows=95..<100 columns=95..<100 samples=21 repeat=0 gpu_ms=160.46954167541116 wall_ms=161.79990768432617
PASS circle rows=95..<100 columns=95..<100 samples=21 repeat=1 gpu_ms=162.37870836630464 wall_ms=163.5960340499878
PASS rectangle rows=2..<8 columns=2..<8 samples=36 repeat=0 gpu_ms=129.4577500084415 wall_ms=130.83910942077637
PASS rectangle rows=2..<8 columns=2..<8 samples=36 repeat=1 gpu_ms=130.7558750268072 wall_ms=131.88505172729492
PASS circle rows=0..<1 columns=0..<1 samples=1 repeat=0 gpu_ms=56.097500026226044 wall_ms=57.27493762969971
PASS circle rows=0..<1 columns=0..<1 samples=1 repeat=1 gpu_ms=54.94037503376603 wall_ms=56.282997131347656
PASS circle rows=10..<22 columns=11..<23 samples=112 repeat=0 gpu_ms=321.2615833617747 wall_ms=323.01008701324463
PASS circle rows=10..<22 columns=11..<23 samples=112 repeat=1 gpu_ms=318.9540416933596 wall_ms=320.2180862426758
PASS rectangle rows=12..<38 columns=13..<39 samples=676 repeat=0 gpu_ms=500.87429163977504 wall_ms=502.5709867477417
PASS rectangle rows=12..<38 columns=13..<39 samples=676 repeat=1 gpu_ms=507.36770837102085 wall_ms=508.43000411987305
PASS circle rows=12..<38 columns=13..<39 samples=540 repeat=0 gpu_ms=497.32700001914054 wall_ms=498.68202209472656
PASS circle rows=12..<38 columns=13..<39 samples=540 repeat=1 gpu_ms=510.9499999671243 wall_ms=512.2629404067993
PASS exact sums and correctly rounded means for every detector pixel; capabilities=10
BENCH shape=rectangle diameter=6 wall_ms=[160.11500358581543, 164.64900970458984, 160.72595119476318, 154.38103675842285, 161.0170602798462, 160.65609455108643, 157.81795978546143, 158.1590175628662, 151.14402770996094, 157.37199783325195, 157.56094455718994, 155.31599521636963, 158.66398811340332, 148.57399463653564, 154.6940803527832, 157.82201290130615, 154.70898151397705, 159.12103652954102, 150.71797370910645, 159.73591804504395] gpu_ms=[158.92704162979499, 163.53545832680538, 159.60991667816415, 153.08308333624154, 159.90037500159815, 159.5482500270009, 156.17262502200902, 156.43924998585135, 149.75158334709704, 155.95587500138208, 156.42162505537271, 154.02437502052635, 157.37416670890525, 147.49562495853752, 153.6077499622479, 156.5814166679047, 153.699999966193, 157.9727499629371, 149.50262499041855, 158.16837502643466]
BENCH shape=circle diameter=6 wall_ms=[157.63401985168457, 158.47909450531006, 155.46202659606934, 149.0030288696289, 154.64603900909424, 158.69498252868652, 158.1130027770996, 154.23500537872314, 147.59409427642822, 156.1371088027954, 158.21802616119385, 155.9579372406006, 158.29992294311523, 145.86901664733887, 154.79600429534912, 161.62002086639404, 160.10689735412598, 160.5210304260254, 154.10900115966797, 162.39798069000244] gpu_ms=[156.20133333140984, 156.44262498244643, 153.5708333249204, 147.8079583030194, 153.44600001117215, 157.5052500120364, 157.01837500091642, 153.13225000863895, 146.45637501962483, 155.06533335428685, 157.0171249913983, 154.71299999626353, 157.10549999494106, 144.73695831838995, 153.72050000587478, 160.45025002676994, 158.95029163220897, 159.1951249865815, 152.88008330389857, 160.99662496708333]
BENCH shape=rectangle diameter=12 wall_ms=[248.55005741119385, 248.8839626312256, 256.633996963501, 322.76904582977295, 251.91497802734375, 242.33996868133545, 237.36894130706787, 243.43299865722656, 307.71708488464355, 247.3059892654419, 247.52497673034668, 246.33407592773438, 239.65299129486084, 314.520001411438, 243.6000108718872, 241.71602725982666, 244.8279857635498, 242.75898933410645, 304.1059970855713, 240.9689426422119] gpu_ms=[247.46924999635667, 247.63758335029706, 255.50258334260434, 321.5897500049323, 250.80466666258872, 241.1675833282061, 236.17745836963877, 242.30133334640414, 306.60945834824815, 245.82216667477041, 246.21512496378273, 244.95249998290092, 238.60762501135468, 313.45012498786673, 242.49212502036244, 240.41904165642336, 243.7413749867119, 241.64316669339314, 302.94449999928474, 239.8021250264719]
BENCH shape=circle diameter=12 wall_ms=[244.65394020080566, 243.04699897766113, 246.74808979034424, 320.83094120025635, 242.19095706939697, 241.379976272583, 238.33191394805908, 241.0750389099121, 310.447096824646, 242.8950071334839, 245.508074760437, 239.52293395996094, 244.14002895355225, 310.24491786956787, 241.30499362945557, 242.25401878356934, 241.582989692688, 241.67990684509277, 315.2329921722412, 242.7769899368286] gpu_ms=[243.46962495474145, 241.89162504626438, 245.60733331600204, 319.56491665914655, 240.99741666577756, 239.84662495786324, 237.23820835584775, 239.92758337408304, 309.3855416518636, 241.11087498022243, 244.4942916627042, 238.4047916275449, 242.52791667822748, 309.16500004241243, 240.16474996460602, 241.0370417055674, 240.39779166923836, 240.6010833219625, 314.10700001288205, 241.20862502604723]
BENCH shape=rectangle diameter=26 wall_ms=[498.93105030059814, 501.93607807159424, 506.97505474090576, 479.20799255371094, 497.06900119781494, 500.56397914886475, 512.2690200805664, 499.8539686203003, 480.06999492645264, 513.7509107589722, 517.1910524368286, 505.55694103240967, 495.29802799224854, 504.64701652526855, 515.4069662094116, 514.9080753326416, 518.8229084014893, 504.4260025024414, 493.88599395751953, 499.7190237045288] gpu_ms=[497.8032916551456, 500.7777499849908, 505.7072499766946, 477.85404161550105, 495.9260416799225, 499.37820830382407, 511.06524997157976, 498.651041649282, 478.8243750226684, 512.0205000275746, 515.8545000012964, 504.246124997735, 493.53645829251036, 503.1060000183061, 514.2942083184607, 513.7226250371896, 517.561791697517, 503.28391668153927, 492.51362500945106, 498.5891666729003]
BENCH shape=circle diameter=26 wall_ms=[517.096996307373, 511.5699768066406, 524.4859457015991, 497.37298488616943, 499.51303005218506, 506.3199996948242, 514.1910314559937, 510.5559825897217, 492.72096157073975, 521.2550163269043, 515.1619911193848, 514.1400098800659, 499.4230270385742, 479.017972946167, 503.9548873901367, 499.10593032836914, 497.0959424972534, 509.6280574798584, 501.789927482605, 517.4258947372437] gpu_ms=[516.0447916714475, 510.30437502777204, 522.9445833247155, 495.73470832547173, 498.42387496028095, 505.16775000141934, 512.7099999808706, 509.4759583007544, 491.4468749775551, 520.0869999825954, 513.7927499599755, 513.0552499904297, 498.2681249966845, 477.6331667089835, 502.61299998965114, 497.9078749893233, 496.00645835744217, 508.23491666233167, 500.32345834188163, 516.2267916603014]
MEMORY query_cache_bytes=0 allocated_bytes=1353646080
RELEASE_PASS
