device=Apple M5, shape=[210, 210, 864, 864], dtype=uint8 resident_bytes=1697200957
PASS rectangle rows=0..<1 columns=0..<1 samples=1 repeat=0 gpu_ms=10.002916678786278 wall_ms=13.236045837402344
PASS rectangle rows=0..<1 columns=0..<1 samples=1 repeat=1 gpu_ms=10.733375034760684 wall_ms=12.076973915100098
PASS rectangle rows=1..<3 columns=2..<7 samples=10 repeat=0 gpu_ms=8.139958314131945 wall_ms=9.543061256408691
PASS rectangle rows=1..<3 columns=2..<7 samples=10 repeat=1 gpu_ms=9.95254167355597 wall_ms=11.256098747253418
PASS circle rows=2..<8 columns=2..<8 samples=32 repeat=0 gpu_ms=28.516791702713817 wall_ms=29.989957809448242
PASS circle rows=2..<8 columns=2..<8 samples=32 repeat=1 gpu_ms=30.293083284050226 wall_ms=31.446099281311035
PASS circle rows=205..<210 columns=205..<210 samples=21 repeat=0 gpu_ms=19.974708324298263 wall_ms=21.342039108276367
PASS circle rows=205..<210 columns=205..<210 samples=21 repeat=1 gpu_ms=18.321999988984317 wall_ms=19.73903179168701
PASS rectangle rows=2..<8 columns=2..<8 samples=36 repeat=0 gpu_ms=29.428916634060442 wall_ms=30.79807758331299
PASS rectangle rows=2..<8 columns=2..<8 samples=36 repeat=1 gpu_ms=28.548708360176533 wall_ms=30.40599822998047
PASS circle rows=0..<1 columns=0..<1 samples=1 repeat=0 gpu_ms=9.93699999526143 wall_ms=11.03198528289795
PASS circle rows=0..<1 columns=0..<1 samples=1 repeat=1 gpu_ms=9.920499986037612 wall_ms=10.995984077453613
PASS circle rows=10..<22 columns=11..<23 samples=112 repeat=0 gpu_ms=53.216249973047525 wall_ms=54.86404895782471
PASS circle rows=10..<22 columns=11..<23 samples=112 repeat=1 gpu_ms=51.177666638977826 wall_ms=52.52397060394287
PASS rectangle rows=12..<38 columns=13..<39 samples=676 repeat=0 gpu_ms=140.63862501643598 wall_ms=145.44010162353516
PASS rectangle rows=12..<38 columns=13..<39 samples=676 repeat=1 gpu_ms=128.7475416320376 wall_ms=129.84097003936768
PASS circle rows=12..<38 columns=13..<39 samples=540 repeat=0 gpu_ms=129.22675005393103 wall_ms=130.64301013946533
PASS circle rows=12..<38 columns=13..<39 samples=540 repeat=1 gpu_ms=128.0280000064522 wall_ms=129.30703163146973
PASS exact sums and correctly rounded means for every detector pixel; capabilities=10
BENCH shape=rectangle diameter=6 wall_ms=[44.325947761535645, 32.333970069885254, 31.73196315765381, 32.40203857421875, 33.06996822357178, 45.41802406311035, 32.09805488586426, 31.46493434906006, 32.202959060668945, 32.842040061950684, 43.59102249145508, 33.200979232788086, 33.91599655151367, 34.45899486541748, 32.73797035217285, 41.92793369293213, 31.587958335876465, 33.32400321960449, 33.10501575469971, 33.00201892852783] gpu_ms=[42.678500001784414, 31.117625010665506, 30.43241665000096, 30.78608331270516, 31.587416655384004, 44.1176249878481, 30.717833316884935, 30.074708338361233, 30.677833361551166, 31.50070837000385, 42.33349999412894, 31.824874982703477, 32.53629169194028, 33.24695833725855, 31.611208338290453, 40.790250001009554, 30.58458334999159, 32.124458346515894, 31.768541666679084, 31.69912495650351]
BENCH shape=circle diameter=6 wall_ms=[43.965935707092285, 32.41300582885742, 33.22708606719971, 32.986998558044434, 32.87696838378906, 48.233985900878906, 33.06901454925537, 34.00599956512451, 33.15997123718262, 32.7610969543457, 41.94295406341553, 33.0890417098999, 33.123016357421875, 32.89794921875, 32.896995544433594, 43.833017349243164, 33.590078353881836, 33.18202495574951, 33.0890417098999, 35.296082496643066] gpu_ms=[42.39212500397116, 31.131374998949468, 31.789875007234514, 31.624874973203987, 31.30083333235234, 46.527375001460314, 31.952791672665626, 32.263249973766506, 31.59283334389329, 31.27454168861732, 40.56437499821186, 31.805083330255002, 31.809375039301813, 31.60012501757592, 31.57162497518584, 42.324749985709786, 31.9080000044778, 31.848958344198763, 31.611208338290453, 33.94175000721589]
BENCH shape=rectangle diameter=12 wall_ms=[65.69290161132812, 54.81302738189697, 65.02306461334229, 52.706003189086914, 65.02997875213623, 67.7499771118164, 56.622982025146484, 65.41299819946289, 52.94907093048096, 65.61899185180664, 65.04309177398682, 54.75592613220215, 65.84501266479492, 54.280996322631836, 67.05904006958008, 65.31894207000732, 53.259968757629395, 65.59205055236816, 54.91602420806885, 63.30704689025879] gpu_ms=[64.14437497733161, 53.423874953296036, 63.677083351649344, 51.15541664417833, 63.78566665807739, 66.52695831144229, 55.48462498700246, 64.23100002575666, 51.40695837326348, 64.12337499205023, 63.443958351854235, 53.47312497906387, 64.27216663723812, 52.77354165446013, 65.90924999909475, 64.04291663784534, 52.00304166646674, 64.47387504158542, 53.56550001306459, 61.86108331894502]
BENCH shape=circle diameter=12 wall_ms=[68.0469274520874, 55.1609992980957, 65.08398056030273, 52.54793167114258, 64.83995914459229, 63.73405456542969, 55.38904666900635, 65.7740831375122, 56.56599998474121, 64.10491466522217, 63.475966453552246, 54.97395992279053, 65.621018409729, 54.53693866729736, 64.42403793334961, 64.46504592895508, 55.07802963256836, 65.61005115509033, 55.62102794647217, 63.39609622955322] gpu_ms=[66.50762498611584, 54.06962503911927, 63.52399999741465, 51.163500000257045, 63.46966663841158, 62.243416672572494, 53.78570832544938, 64.4216249929741, 55.2261249977164, 62.7156249829568, 61.816291650757194, 53.67195833241567, 64.19720832491294, 53.243166650645435, 62.8349999897182, 63.092749973293394, 53.562958317343146, 64.22800000291318, 53.97449998417869, 61.958624981343746]
BENCH shape=rectangle diameter=26 wall_ms=[133.47196578979492, 120.1930046081543, 129.97794151306152, 119.97795104980469, 122.83802032470703, 129.09400463104248, 118.69001388549805, 131.89589977264404, 123.28004837036133, 118.08896064758301, 129.2330026626587, 121.18792533874512, 133.73804092407227, 117.76697635650635, 120.6200122833252, 130.63490390777588, 120.84400653839111, 129.69398498535156, 121.5280294418335, 117.98310279846191] gpu_ms=[131.77099998574704, 119.1012499621138, 128.66237497655675, 118.78462496679276, 121.15487497067079, 127.96058336971328, 117.30150005314499, 130.6317083653994, 121.80454161716625, 116.93424999248236, 127.77937500504777, 120.00537500716746, 132.32354167848825, 116.39137496240437, 118.58791665872559, 129.44974994752556, 119.4321250077337, 128.52079165168107, 120.05433335434645, 116.72237497987226]
BENCH shape=circle diameter=26 wall_ms=[131.05404376983643, 119.21799182891846, 131.9190263748169, 119.97401714324951, 117.68198013305664, 130.2320957183838, 122.89392948150635, 131.3990354537964, 117.84899234771729, 121.63400650024414, 130.24210929870605, 117.97893047332764, 129.844069480896, 121.52099609375, 118.68703365325928, 128.98409366607666, 121.06800079345703, 130.7840347290039, 117.6600456237793, 120.50402164459229] gpu_ms=[129.56162501359358, 117.78512503951788, 130.57241670321673, 118.66645835107192, 116.09866668004543, 128.9913750370033, 121.38775002676994, 129.6041249879636, 116.3969166809693, 120.2540416852571, 128.59150004805997, 116.72441667178646, 128.43037501443177, 120.31454162206501, 117.40774998907, 127.6606249739416, 119.48320834198967, 129.5255833538249, 116.14050000207499, 119.14416670333594]
MEMORY query_cache_bytes=0 allocated_bytes=2606776320
RELEASE_PASS
