device=Apple M5, shape=[100, 100, 864, 864], dtype=uint8 resident_bytes=453296476
PASS rectangle rows=0..<1 columns=0..<1 samples=1 repeat=0 gpu_ms=22.02358329668641 wall_ms=25.12192726135254
PASS rectangle rows=0..<1 columns=0..<1 samples=1 repeat=1 gpu_ms=16.137125028762966 wall_ms=17.261028289794922
PASS rectangle rows=1..<3 columns=2..<7 samples=10 repeat=0 gpu_ms=13.594250020105392 wall_ms=15.154004096984863
PASS rectangle rows=1..<3 columns=2..<7 samples=10 repeat=1 gpu_ms=12.14491663267836 wall_ms=13.193011283874512
PASS circle rows=2..<8 columns=2..<8 samples=32 repeat=0 gpu_ms=23.356999969109893 wall_ms=24.69789981842041
PASS circle rows=2..<8 columns=2..<8 samples=32 repeat=1 gpu_ms=22.12662500096485 wall_ms=23.171067237854004
PASS circle rows=95..<100 columns=95..<100 samples=21 repeat=0 gpu_ms=18.085499992594123 wall_ms=19.47200298309326
PASS circle rows=95..<100 columns=95..<100 samples=21 repeat=1 gpu_ms=16.786666645202786 wall_ms=17.866969108581543
PASS rectangle rows=2..<8 columns=2..<8 samples=36 repeat=0 gpu_ms=24.927499995101243 wall_ms=26.332974433898926
PASS rectangle rows=2..<8 columns=2..<8 samples=36 repeat=1 gpu_ms=23.441416677087545 wall_ms=24.563908576965332
PASS circle rows=0..<1 columns=0..<1 samples=1 repeat=0 gpu_ms=9.821583342272788 wall_ms=10.928034782409668
PASS circle rows=0..<1 columns=0..<1 samples=1 repeat=1 gpu_ms=11.960874951910228 wall_ms=13.011932373046875
PASS circle rows=10..<22 columns=11..<23 samples=112 repeat=0 gpu_ms=47.19016666058451 wall_ms=48.861026763916016
PASS circle rows=10..<22 columns=11..<23 samples=112 repeat=1 gpu_ms=47.346999985165894 wall_ms=48.41291904449463
PASS rectangle rows=12..<38 columns=13..<39 samples=676 repeat=0 gpu_ms=72.62616662774235 wall_ms=74.27000999450684
PASS rectangle rows=12..<38 columns=13..<39 samples=676 repeat=1 gpu_ms=70.90541668003425 wall_ms=71.94602489471436
PASS circle rows=12..<38 columns=13..<39 samples=540 repeat=0 gpu_ms=71.24437496531755 wall_ms=72.68905639648438
PASS circle rows=12..<38 columns=13..<39 samples=540 repeat=1 gpu_ms=71.06029166607186 wall_ms=72.18801975250244
PASS exact sums and correctly rounded means for every detector pixel; capabilities=10
BENCH shape=rectangle diameter=6 wall_ms=[25.30801296234131, 23.17798137664795, 24.55294132232666, 26.617050170898438, 26.298046112060547, 23.056983947753906, 24.333953857421875, 26.642918586730957, 25.599956512451172, 22.79806137084961, 24.517059326171875, 27.04906463623047, 25.668025016784668, 22.92501926422119, 24.631977081298828, 26.78394317626953, 25.161027908325195, 23.20706844329834, 24.670004844665527, 26.6190767288208] gpu_ms=[24.115625012200326, 22.16041664360091, 23.459625022951514, 25.536416680552065, 25.217625021468848, 22.040250012651086, 23.139249999076128, 25.57087503373623, 24.557875003665686, 21.72299998346716, 23.488708364311606, 25.963749969378114, 24.63300002273172, 21.762833348475397, 23.612999997567385, 25.70687502156943, 23.985666630323976, 22.17079169349745, 23.582666646689177, 25.567874952685088]
BENCH shape=circle diameter=6 wall_ms=[24.62303638458252, 26.639938354492188, 24.73592758178711, 26.288986206054688, 23.136019706726074, 25.999903678894043, 26.412010192871094, 23.916959762573242, 23.169994354248047, 27.084946632385254, 26.073098182678223, 23.37205410003662, 23.23305606842041, 26.643037796020508, 25.603055953979492, 22.970914840698242, 24.32405948638916, 26.977062225341797, 25.442957878112793, 22.92799949645996] gpu_ms=[23.48662499571219, 25.6048750015907, 23.547624994535, 25.13991662999615, 21.793249994516373, 24.77862505475059, 25.127124972641468, 22.767333372030407, 21.97166666155681, 25.707125023473054, 24.713791674003005, 21.87387499725446, 22.22387498477474, 25.58645833050832, 24.534250027500093, 21.87620830954984, 23.131291673053056, 25.908083305694163, 24.40049999859184, 21.76524995593354]
BENCH shape=rectangle diameter=12 wall_ms=[36.55695915222168, 37.525057792663574, 36.820054054260254, 49.0570068359375, 36.54301166534424, 36.39698028564453, 36.425113677978516, 37.04404830932617, 49.09491539001465, 36.877989768981934, 36.44692897796631, 36.682963371276855, 37.042975425720215, 50.25792121887207, 37.78696060180664, 36.444902420043945, 36.46707534790039, 36.57197952270508, 48.50590229034424, 36.37206554412842] gpu_ms=[35.414958314504474, 36.47358337184414, 35.559208306949586, 47.95249999733642, 35.388583375606686, 35.30724998563528, 35.35187500528991, 35.938708344474435, 47.71329165669158, 35.89212504448369, 35.369291668757796, 35.56824999395758, 35.961750021670014, 49.05849997885525, 36.66250000242144, 35.272541630547494, 35.42337502585724, 35.5051250080578, 47.45529167121276, 35.32333334442228]
BENCH shape=circle diameter=12 wall_ms=[36.969900131225586, 36.97705268859863, 36.4459753036499, 50.036072731018066, 36.67294979095459, 36.59999370574951, 37.124037742614746, 37.03796863555908, 50.30703544616699, 36.51309013366699, 36.54599189758301, 36.46588325500488, 38.63406181335449, 50.14002323150635, 36.63897514343262, 38.365960121154785, 36.61799430847168, 37.05906867980957, 49.848079681396484, 36.65292263031006] gpu_ms=[35.65316670574248, 35.90208332752809, 35.26724997209385, 48.74983336776495, 35.56312504224479, 35.492375027388334, 35.95537500223145, 35.976124985609204, 49.25045830896124, 35.406583338044584, 35.47170833917335, 35.40737502044067, 37.48491668375209, 49.00174995418638, 35.554374975617975, 37.30595833621919, 35.527666681446135, 36.010333336889744, 48.67495829239488, 35.48733331263065]
BENCH shape=rectangle diameter=26 wall_ms=[72.81601428985596, 74.01299476623535, 73.78602027893066, 71.33805751800537, 71.78497314453125, 73.98498058319092, 73.20308685302734, 71.96402549743652, 72.9140043258667, 72.38399982452393, 72.92294502258301, 72.09289073944092, 74.04303550720215, 73.35901260375977, 72.05402851104736, 71.90501689910889, 74.03790950775146, 73.70996475219727, 73.97091388702393, 72.17705249786377] gpu_ms=[71.80649996735156, 72.92249996680766, 72.64666666742414, 70.23862499045208, 70.71279169758782, 72.83924997318536, 72.13874999433756, 70.6683750031516, 71.89437502529472, 71.17062498582527, 71.82737498078495, 70.86904166499153, 72.85791664617136, 72.06633331952617, 70.93941670609638, 70.83158334717155, 72.90862500667572, 72.56699999561533, 72.84799998160452, 71.04920834535733]
BENCH shape=circle diameter=26 wall_ms=[72.80099391937256, 73.30501079559326, 71.9749927520752, 71.89702987670898, 72.43001461029053, 72.2510814666748, 73.7220048904419, 73.63200187683105, 72.32296466827393, 72.28803634643555, 80.31809329986572, 73.39096069335938, 72.16894626617432, 72.33202457427979, 74.07999038696289, 73.57800006866455, 72.46196269989014, 71.98596000671387, 71.71189785003662, 72.31390476226807] gpu_ms=[71.72675000037998, 71.96958333952352, 70.94025000697002, 70.75737498234957, 70.60291664674878, 71.10274996375665, 72.58224999532104, 72.47474999167025, 71.21149997692555, 71.01687497925013, 77.93991669313982, 71.94229168817401, 70.68474998231977, 70.88275003479794, 72.73875002283603, 72.43370835203677, 70.75954164611176, 70.68404165329412, 70.54620835697278, 71.22487499145791]
MEMORY query_cache_bytes=0 allocated_bytes=1353646080
RELEASE_PASS
