device=Apple M5, shape=[100, 100, 864, 864], dtype=uint8 resident_bytes=453296476
PASS rectangle rows=0..<1 columns=0..<1 samples=1 repeat=0 gpu_ms=33.79554161801934 wall_ms=68.69399547576904
PASS rectangle rows=0..<1 columns=0..<1 samples=1 repeat=1 gpu_ms=15.503166650887579 wall_ms=18.65208148956299
PASS rectangle rows=1..<3 columns=2..<7 samples=10 repeat=0 gpu_ms=9.823500004131347 wall_ms=12.513995170593262
PASS rectangle rows=1..<3 columns=2..<7 samples=10 repeat=1 gpu_ms=13.114833331201226 wall_ms=15.782952308654785
PASS circle rows=2..<8 columns=2..<8 samples=32 repeat=0 gpu_ms=21.4809583267197 wall_ms=23.4910249710083
PASS circle rows=2..<8 columns=2..<8 samples=32 repeat=1 gpu_ms=23.201500007417053 wall_ms=24.893999099731445
PASS circle rows=95..<100 columns=95..<100 samples=21 repeat=0 gpu_ms=16.369791701436043 wall_ms=19.317984580993652
PASS circle rows=95..<100 columns=95..<100 samples=21 repeat=1 gpu_ms=18.379750021267682 wall_ms=20.231962203979492
PASS rectangle rows=2..<8 columns=2..<8 samples=36 repeat=0 gpu_ms=23.002791625913233 wall_ms=24.728059768676758
PASS rectangle rows=2..<8 columns=2..<8 samples=36 repeat=1 gpu_ms=23.359041661024094 wall_ms=24.86395835876465
PASS circle rows=0..<1 columns=0..<1 samples=1 repeat=0 gpu_ms=12.773791677318513 wall_ms=14.524102210998535
PASS circle rows=0..<1 columns=0..<1 samples=1 repeat=1 gpu_ms=9.833624993916601 wall_ms=11.34800910949707
PASS circle rows=10..<22 columns=11..<23 samples=112 repeat=0 gpu_ms=47.789250034838915 wall_ms=49.748897552490234
PASS circle rows=10..<22 columns=11..<23 samples=112 repeat=1 gpu_ms=45.334249967709184 wall_ms=46.99695110321045
PASS rectangle rows=12..<38 columns=13..<39 samples=676 repeat=0 gpu_ms=75.44966670684516 wall_ms=77.79109477996826
PASS rectangle rows=12..<38 columns=13..<39 samples=676 repeat=1 gpu_ms=70.09425002615899 wall_ms=71.8529224395752
PASS circle rows=12..<38 columns=13..<39 samples=540 repeat=0 gpu_ms=70.40437503019348 wall_ms=72.19207286834717
PASS circle rows=12..<38 columns=13..<39 samples=540 repeat=1 gpu_ms=70.62712498009205 wall_ms=72.45492935180664
PASS exact sums and correctly rounded means for every detector pixel; capabilities=10
BENCH shape=rectangle diameter=6 wall_ms=[23.198962211608887, 24.483919143676758, 26.34298801422119, 24.70099925994873, 24.214982986450195, 24.933934211730957, 26.739001274108887, 25.564074516296387, 23.29397201538086, 24.580955505371094, 26.79002285003662, 26.253938674926758, 23.896098136901855, 23.3689546585083, 26.401996612548828, 25.918960571289062, 23.373007774353027, 23.994088172912598, 26.519060134887695, 24.79398250579834] gpu_ms=[21.751374995801598, 22.928624995984137, 24.833875009790063, 23.269083292689174, 22.627375030424446, 23.225125041790307, 24.976499960757792, 23.8132500089705, 21.620208339300007, 22.721000015735626, 24.805916647892445, 24.30624997941777, 21.77745831431821, 21.688083361368626, 24.6284999884665, 23.533666622824967, 21.59837499493733, 22.51062501454726, 25.013750011567026, 23.331625037826598]
BENCH shape=circle diameter=6 wall_ms=[26.831984519958496, 25.019049644470215, 23.29707145690918, 24.746060371398926, 26.553988456726074, 24.93894100189209, 23.921966552734375, 24.592041969299316, 26.607990264892578, 25.525927543640137, 23.27704429626465, 24.598002433776855, 26.4509916305542, 25.114059448242188, 23.92399311065674, 24.49798583984375, 26.69501304626465, 25.227904319763184, 23.487091064453125, 24.937987327575684] gpu_ms=[25.225208315532655, 23.44383334275335, 21.898999984841794, 23.274208360817283, 25.135624979157, 23.472375003620982, 22.486250032670796, 22.951749968342483, 25.113250012509525, 23.55212502880022, 21.77049999590963, 23.075000033713877, 25.038166670128703, 23.641750041861087, 22.42787496652454, 22.988750017248094, 25.21529165096581, 23.38550001149997, 21.627041685860604, 22.98850001534447]
BENCH shape=rectangle diameter=12 wall_ms=[36.799073219299316, 37.065982818603516, 36.70704364776611, 50.31406879425049, 37.670016288757324, 36.98599338531494, 37.278056144714355, 36.64898872375488, 50.18305778503418, 37.84000873565674, 37.399888038635254, 37.02998161315918, 37.518978118896484, 49.75700378417969, 37.14096546173096, 36.88192367553711, 38.04600238800049, 37.19902038574219, 49.43501949310303, 37.00399398803711] gpu_ms=[35.09395837318152, 35.27037502499297, 35.21395829739049, 48.44112502178177, 35.95250000944361, 35.37833329755813, 35.58295837137848, 35.1315833395347, 48.611250007525086, 35.36566667025909, 35.10137501871213, 35.308374965097755, 35.51100002368912, 47.753958380781114, 34.937874996103346, 34.229333337862045, 35.176999983377755, 35.167041642125696, 47.906374966260046, 34.9820833071135]
BENCH shape=circle diameter=12 wall_ms=[36.84496879577637, 37.47594356536865, 36.805033683776855, 48.64799976348877, 36.79299354553223, 37.7659797668457, 37.304043769836426, 38.12897205352783, 48.307061195373535, 36.98098659515381, 37.07396984100342, 36.267995834350586, 36.99791431427002, 50.07302761077881, 36.66996955871582, 36.614060401916504, 37.19604015350342, 35.65394878387451, 49.10695552825928, 36.820054054260254] gpu_ms=[34.94437498738989, 35.349666664842516, 34.97116669313982, 46.862500021234155, 35.06704169558361, 35.8983333571814, 35.34550004405901, 36.38162498828024, 46.739624987822026, 35.311166662722826, 35.11612501461059, 34.46220833575353, 35.22220836021006, 48.51016664179042, 35.11187498224899, 35.04300001077354, 34.97500001685694, 34.13362498395145, 47.613291651941836, 35.03879165509716]
BENCH shape=rectangle diameter=26 wall_ms=[72.30699062347412, 73.97103309631348, 73.4630823135376, 71.35605812072754, 71.74801826477051, 79.06103134155273, 76.72202587127686, 77.38399505615234, 78.03201675415039, 72.0210075378418, 72.41702079772949, 72.94905185699463, 75.29604434967041, 71.76697254180908, 73.74799251556396, 72.49999046325684, 75.01602172851562, 78.70292663574219, 79.44893836975098, 79.57804203033447] gpu_ms=[70.58300002245232, 71.87570829410106, 71.81858335388824, 69.82545834034681, 69.99575003283098, 76.82412501890212, 74.98562504770234, 75.64816664671525, 75.66179166315123, 70.44133328599855, 70.8057499723509, 70.96695835934952, 73.68637499166653, 70.17124997219071, 72.12808332405984, 70.70512499194592, 72.76766665745527, 76.63987501291558, 77.25229166680947, 77.47741666389629]
BENCH shape=circle diameter=26 wall_ms=[78.57799530029297, 81.33792877197266, 75.65498352050781, 78.13501358032227, 81.56991004943848, 81.1229944229126, 80.71696758270264, 82.82196521759033, 82.24999904632568, 77.94797420501709, 75.79195499420166, 74.69809055328369, 76.35307312011719, 73.39596748352051, 72.68202304840088, 72.72899150848389, 72.53992557525635, 73.44090938568115, 74.5999813079834, 72.52097129821777] gpu_ms=[76.56224997481331, 79.37950000632554, 73.60266667092219, 75.82887500757352, 79.01104167103767, 79.50849999906495, 78.77195830224082, 80.98729170160368, 80.36570833064616, 75.98004164174199, 74.15270834462717, 73.07883334578946, 74.41200001630932, 71.5281666489318, 70.7271249848418, 70.72875002631918, 70.67008333979174, 71.55937497736886, 72.7378333103843, 70.56220836238936]
MEMORY query_cache_bytes=0 allocated_bytes=1353646080
RELEASE_PASS
