Building for production...
[0/17] Write sources
[2/17] Copying Resources
[3/17] Write swift-version--1AB21518FC5DEDBE.txt
[5/11] Compiling Metal4DSTEMStreamingIO CompactDetectorRegions.swift
[6/23] Compiling MetalPairedRuntimeTANSBenchmark main.swift
[6/23] Write Objects.LinkFileList
[8/23] Compiling MetalRuntimeANSBenchmark MetalRuntimeANSBenchmark.swift
[8/23] Write Objects.LinkFileList
[9/23] Linking metal-paired-runtime-tans-benchmark
[10/23] Linking metal-runtime-ans-benchmark
[12/23] Compiling MetalOriginalHDF5Benchmark DetectorSeries.swift
[12/23] Write Objects.LinkFileList
[14/23] Compiling Metal4DSTEMStreamingIOBenchmark main.swift
[14/23] Write Objects.LinkFileList
[15/23] Linking metal-original-hdf5-benchmark
[16/23] Linking metal-4dstem-indexed-load-benchmark
[18/23] Compiling MetalCompactH5Benchmark main.swift
[18/23] Write Objects.LinkFileList
[19/23] Linking metal-compact-h5-benchmark
[21/23] Compiling MetalPairedRuntimeTANSSeriesBenchmark main.swift
[21/23] Write Objects.LinkFileList
[22/23] Linking metal-paired-runtime-tans-series-benchmark
Build complete! (30.14s)
