============================= test session starts ==============================
platform darwin -- Python 3.12.11, pytest-9.0.1, pluggy-1.6.0 -- <python-environment>/bin/python
cachedir: .pytest_cache
benchmark: 5.2.3 (defaults: timer=time.perf_counter disable_gc=False min_rounds=5 min_time=0.000005 max_time=1.0 calibration_precision=10 warmup=False warmup_iterations=100000)
PyQt6 6.10.1 -- Qt runtime 6.10.1 -- Qt compiled 6.10.0
rootdir: <repository>/quantem.gpu
configfile: pyproject.toml
plugins: benchmark-5.2.3, anyio-4.11.0, xdist-3.8.0, dash-3.2.0, asyncio-1.3.0, qt-4.5.0, zarr-3.1.3, cov-7.0.0
asyncio: mode=Mode.STRICT, debug=False, asyncio_default_fixture_loop_scope=None, asyncio_default_test_loop_scope=function
collecting ... collected 38 items

tests/hardware/metal/test_original_packing.py::test_production_decoder_alignment_and_malformed_streams PASSED [  2%]
tests/hardware/metal/test_original_packing.py::test_zero_tail_decoder_preserves_counts_and_rejects_truncated_files PASSED [  5%]
tests/hardware/metal/test_original_packing.py::test_display_range_histogram_without_cpu_roundtrip PASSED [  7%]
tests/hardware/metal/test_original_packing.py::test_original_packing_plan_reopen_and_faults[uint8] PASSED [ 10%]
tests/hardware/metal/test_original_packing.py::test_original_packing_plan_reopen_and_faults[uint16_low] FAILED [ 13%]
tests/hardware/metal/test_original_packing.py::test_original_packing_plan_reopen_and_faults[uint16_high] PASSED [ 15%]
tests/hardware/metal/test_original_packing.py::test_direct_read_ahead_midstream_failure_recovers PASSED [ 18%]
tests/hardware/metal/test_original_packing.py::test_direct_bitshuffle_original_reopen[scalar-gather-uint16-low] PASSED [ 21%]
tests/hardware/metal/test_original_packing.py::test_direct_bitshuffle_original_reopen[scalar-gather-uint16-high] PASSED [ 23%]
tests/hardware/metal/test_original_packing.py::test_direct_bitshuffle_original_reopen[simd-gather-uint16-low] PASSED [ 26%]
tests/hardware/metal/test_original_packing.py::test_direct_bitshuffle_original_reopen[simd-gather-uint16-high] PASSED [ 28%]
tests/hardware/metal/test_original_packing.py::test_original_hdf5_exact_packed_resident[file-u8] PASSED [ 31%]
tests/hardware/metal/test_original_packing.py::test_original_hdf5_exact_packed_resident[file-u16_low] PASSED [ 34%]
tests/hardware/metal/test_original_packing.py::test_original_hdf5_exact_packed_resident[file-u16_high] PASSED [ 36%]
tests/hardware/metal/test_original_packing.py::test_original_hdf5_exact_packed_resident[file-u16_late_high] PASSED [ 39%]
tests/hardware/metal/test_original_packing.py::test_original_hdf5_exact_packed_resident[file-u16_multiwindow] PASSED [ 42%]
tests/hardware/metal/test_original_packing.py::test_original_hdf5_exact_packed_resident[file-zeros] PASSED [ 44%]
tests/hardware/metal/test_original_packing.py::test_original_hdf5_exact_packed_resident[file-u16_saturated] PASSED [ 47%]
tests/hardware/metal/test_original_packing.py::test_original_hdf5_exact_packed_resident[file-u16_widths] PASSED [ 50%]
tests/hardware/metal/test_original_packing.py::test_original_hdf5_exact_packed_resident[direct-u8] PASSED [ 52%]
tests/hardware/metal/test_original_packing.py::test_original_hdf5_exact_packed_resident[direct-u16_low] PASSED [ 55%]
tests/hardware/metal/test_original_packing.py::test_original_hdf5_exact_packed_resident[direct-u16_high] PASSED [ 57%]
tests/hardware/metal/test_original_packing.py::test_original_hdf5_exact_packed_resident[direct-u16_late_high] PASSED [ 60%]
tests/hardware/metal/test_original_packing.py::test_original_hdf5_exact_packed_resident[direct-u16_multiwindow] PASSED [ 63%]
tests/hardware/metal/test_original_packing.py::test_original_hdf5_exact_packed_resident[direct-zeros] PASSED [ 65%]
tests/hardware/metal/test_original_packing.py::test_original_hdf5_exact_packed_resident[direct-u16_saturated] PASSED [ 68%]
tests/hardware/metal/test_original_packing.py::test_original_hdf5_exact_packed_resident[direct-u16_widths] PASSED [ 71%]
tests/hardware/metal/test_original_packing.py::test_original_hdf5_exact_packed_resident[direct-cache-u8] PASSED [ 73%]
tests/hardware/metal/test_original_packing.py::test_original_hdf5_exact_packed_resident[direct-cache-u16_low] PASSED [ 76%]
tests/hardware/metal/test_original_packing.py::test_original_hdf5_exact_packed_resident[direct-cache-u16_high] PASSED [ 78%]
tests/hardware/metal/test_original_packing.py::test_original_hdf5_exact_packed_resident[direct-cache-u16_late_high] PASSED [ 81%]
tests/hardware/metal/test_original_packing.py::test_original_hdf5_exact_packed_resident[direct-cache-u16_multiwindow] PASSED [ 84%]
tests/hardware/metal/test_original_packing.py::test_original_hdf5_exact_packed_resident[direct-cache-zeros] PASSED [ 86%]
tests/hardware/metal/test_original_packing.py::test_original_hdf5_exact_packed_resident[direct-cache-u16_saturated] PASSED [ 89%]
tests/hardware/metal/test_original_packing.py::test_original_hdf5_exact_packed_resident[direct-cache-u16_widths] PASSED [ 92%]
tests/hardware/metal/test_original_packing.py::test_wide_detector_short_scan_reopens_without_partial_packing_tiles[96-960-960-False] PASSED [ 94%]
tests/hardware/metal/test_original_packing.py::test_wide_detector_short_scan_reopens_without_partial_packing_tiles[224-512-960-True] PASSED [ 97%]
tests/hardware/metal/test_original_packing.py::test_direct_read_ahead_tight_budget_preserves_full_counts PASSED [100%]

=================================== FAILURES ===================================
___________ test_original_packing_plan_reopen_and_faults[uint16_low] ___________
tests/hardware/metal/test_original_packing.py:403: in test_original_packing_plan_reopen_and_faults
    assert profiles[-1]["packing_plan_fallbacks"] == 1
E   assert 0 == 1
- generated xml file: /tmp/20260908-packed-optimization/qualified-defaults-evidence-fixed.xml -
=========================== short test summary info ============================
FAILED tests/hardware/metal/test_original_packing.py::test_original_packing_plan_reopen_and_faults[uint16_low] - assert 0 == 1
=================== 1 failed, 37 passed in 269.10s (0:04:29) ===================
